Microsoft Windows [Version 6.1.7601]
Copyright (c) 2009 Microsoft Corporation.  All rights reserved.

D:\setanzer\GitHub\BlackBlox>C:\Users\setanzer\AppData\Local\Continuum\anaconda3\Scripts\activate base

(base) D:\setanzer\GitHub\BlackBlox>py test.py

Working directory: D:\setanzer\GitHub\BlackBlox


CALCULATOR FUNCTION TESTS

Ratio
5 0.5
 2.5

MolMassRatio
5 C CO2
 18.320955481362454

Remainder
5 0.5
 2.5

Combustion
33.7 coal emDict eff = 1.0
 1.0

defaultdict(<class 'float'>, {'CO2': 3.2, 'waste heat': 0.0})
UNIT PROCESS FUNCTION TEST
     KnownQty k_QtyFrom   UnknownQty u_QtyTo   Calculation     Variable
0     clinker    output          CaO     tmp         Ratio  CaO_Clinker
1         CaO       tmp        CaCO3     tmp  MolMassRatio         NONE
2       CaCO3       tmp         meal   input         Ratio   CaCO3_Meal
3     clinker    output   energyFuel     tmp         Ratio   fuelDemand
4       CaCO3       tmp          CO2  output  MolMassRatio         NONE
5  energyFuel       tmp         fuel   input    Combustion   combustEff
6     clinker    output  electricity   input         Ratio   elecDemand           fuelDemand  fuelType  CaO_Clinker  CaCO3_Meal  combustEff  elecDemand
scenario
EU-old           3.6      coal         0.75         0.8         1.0         0.2
EU-bat           3.0  charcoal         0.65         0.8         1.0         0.1
EU-typ           3.2      coal         0.67         0.8         1.0         0.1 clinker 1.0 output EU-bat
inputs
        meal  charcoal  electricity
0  0.928096       0.1          0.1

outputs
    clinker       CO2  waste heat
0      1.0  0.690119         0.0

FLOWCHECK TESTS

forward flow
      From What      To
0   START  CO2  CO2cap
1  CO2cap  CO2     END

backward flow
       From     What       To
0  blender   cement      END
1     kiln  clinker  blender
2    mixer     meal     kiln
3    START     NONE    mixer

MULTI UNIT FLOW TESTS

Input-based chain: CO2 cap

checking flow
running unit process CO2cap with input 1.0 CO2 for scenario EU-bat
inputs
              CO2cap  Chain
CO2             1.0    1.0
electricity     1.3    1.3

outputs
              CO2cap  Chain
CO2             0.2    0.2
capturedCO2     0.8    0.8

input-based chain: Cement Prod

checking flow
running unit process blender with output 1.0 cement for scenario EU-bat
running unit process kiln with output 0.75 clinker for scenario EU-bat
running unit process mixer with output 0.6960716973326154 meal for scenario EU-bat
inputs
              blender      kiln     mixer     Chain
CaCO3            NaN       NaN  0.452447  0.452447
charcoal         NaN  0.075000       NaN  0.075000
clay             NaN       NaN  0.174018  0.174018
clinker         0.75       NaN       NaN  0.000000
electricity     0.10  0.075000  0.069607  0.244607
flyAsh           NaN       NaN  0.069607  0.069607
gypsum          0.25       NaN       NaN  0.250000
meal             NaN  0.696072       NaN  0.000000

outputs
             blender     kiln     mixer    Chain
CO2             NaN  0.51759       NaN  0.51759
cement          1.0      NaN       NaN  1.00000
clinker         NaN  0.75000       NaN  0.00000
meal            NaN      NaN  0.696072  0.00000
waste heat      NaN  0.00000       NaN  0.00000

MULTI SCENARIO TESTS


running scenario EU-bat
checking flow
running unit process blender with output 1.0 cement for scenario EU-bat
running unit process kiln with output 0.75 clinker for scenario EU-bat
running unit process mixer with output 0.6960716973326154 meal for scenario EU-bat

running scenario EU-typ
checking flow
running unit process blender with output 1.0 cement for scenario EU-typ
running unit process kiln with output 0.8 clinker for scenario EU-typ
running unit process mixer with output 0.7653219072210908 meal for scenario EU-typ

running scenario EU-old
checking flow
running unit process blender with output 1.0 cement for scenario EU-old
running unit process kiln with output 0.95 clinker for scenario EU-old
running unit process mixer with output 1.017335557639976 meal for scenario EU-old
scenario: EU-bat
inputs
              blender      kiln     mixer     Chain
CaCO3            NaN       NaN  0.452447  0.452447
charcoal         NaN  0.075000       NaN  0.075000
clay             NaN       NaN  0.174018  0.174018
clinker         0.75       NaN       NaN  0.000000
electricity     0.10  0.075000  0.069607  0.244607
flyAsh           NaN       NaN  0.069607  0.069607
gypsum          0.25       NaN       NaN  0.250000
meal             NaN  0.696072       NaN  0.000000

outputs
             blender     kiln     mixer    Chain
CO2             NaN  0.51759       NaN  0.51759
cement          1.0      NaN       NaN  1.00000
clinker         NaN  0.75000       NaN  0.00000
meal            NaN      NaN  0.696072  0.00000
waste heat      NaN  0.00000       NaN  0.00000

scenario: EU-typ
inputs
              blender      kiln     mixer     Chain
CaCO3            NaN       NaN  0.512766  0.512766
clay             NaN       NaN  0.252556  0.252556
clinker         0.80       NaN       NaN  0.000000
coal             NaN  0.075964       NaN  0.075964
electricity     0.15  0.080000  0.153064  0.383064
flyAsh           NaN       NaN  0.000000  0.000000
gypsum          0.20       NaN       NaN  0.200000
meal             NaN  0.765322       NaN  0.000000

outputs
             blender      kiln     mixer     Chain
CO2             NaN  0.663738       NaN  0.663738
cement          1.0       NaN       NaN  1.000000
clinker         NaN  0.800000       NaN  0.000000
meal            NaN       NaN  0.765322  0.000000
waste heat      NaN  0.000000       NaN  0.000000

scenario: EU-old
inputs
              blender      kiln     mixer     Chain
CaCO3            NaN       NaN  0.763002  0.763002
clay             NaN       NaN  0.254334  0.254334
clinker         0.95       NaN       NaN  0.000000
coal             NaN  0.101484       NaN  0.101484
electricity     0.20  0.190000  0.406934  0.796934
flyAsh           NaN       NaN  0.000000  0.000000
gypsum          0.05       NaN       NaN  0.050000
meal             NaN  1.017336       NaN  0.000000

outputs
             blender      kiln     mixer     Chain
CO2             NaN  0.883917       NaN  0.883917
cement          1.0       NaN       NaN  1.000000
clinker         NaN  0.950000       NaN  0.000000
meal            NaN       NaN  1.017336  0.000000
waste heat      NaN  0.000000       NaN  0.000000


(base) D:\setanzer\GitHub\BlackBlox>